#-----------------------------------------------------------
# Vivado v2023.2 (64-bit)
# SW Build 4029153 on Fri Oct 13 20:14:34 MDT 2023
# IP Build 4028589 on Sat Oct 14 00:45:43 MDT 2023
# SharedData Build 4025554 on Tue Oct 10 17:18:54 MDT 2023
# Start of session at: Thu Mar 21 01:47:35 2024
# Process ID: 15512
# Current directory: C:/Users/Abhik/Documents/my_vivado_project/read_comments_as_HDL/read_comments_as_HDL.runs/synth_1
# Command line: vivado.exe -log read_comments_as_HDL.vds -product Vivado -mode batch -messageDb vivado.pb -notrace -source read_comments_as_HDL.tcl
# Log file: C:/Users/Abhik/Documents/my_vivado_project/read_comments_as_HDL/read_comments_as_HDL.runs/synth_1/read_comments_as_HDL.vds
# Journal file: C:/Users/Abhik/Documents/my_vivado_project/read_comments_as_HDL/read_comments_as_HDL.runs/synth_1\vivado.jou
# Running On: abhi, OS: Windows, CPU Frequency: 3110 MHz, CPU Physical cores: 12, Host memory: 16782 MB
#-----------------------------------------------------------
source read_comments_as_HDL.tcl -notrace
